Experiment execution: GOMAXPROCS=1 (single-threaded Go computation)
Security check: main homomorphic parameters use logN=16 and logQP=1538.00 <= 1550.
Security check: ring packing uses logN=12 with key logQP=92.00 <= 108.
Bootstrapping parameters: logN=16, logSlots=15, H(192; 32), sigma={3.200000 19.200000}, logQP=1538.000027, levels=30, scale=2^42
Ring packing parameters: ring-switching enabled, maxLogN=16, minLogN=12, keyLevelQ=0, keyLevelP=0, activeKeyLogQ=46.00, keyLogQP=92.00

Generating bootstrapping evaluation keys...
Done
Running GBFV-to-CPL25 ConvGtD with beta=16, D=N/k=16, k=4096, q_GBFV=beta^D+1=18446744073709551617, q0=70368744570881, density=1/1
CPL25 container digits=32 (16 source digits + 16 zero headroom), outputs=8/8, batch/output=512
GBFV input is q0-scaled coefficient plaintext at level 0, ModRaised to level 1, multiplied by t(X), scale-adjusted, packed with mode=ring, offset by A*p* with A=19, and reduced modulo p
Selected operation: conversion
lhs ConvGtD timing breakdown: ModRaise/t/scale=47.403083ms, ring-pack/extract=29.105666209s, refresh=1m2.899191833s, public offset=276.764334ms, REDC=11m7.462917502s, measured total=12m39.791971333s
ConvGtD conversion time: 12m39.791971333s
Number of bootstrappings per packed output: ConvGtD=8
Total sequential evaluator calls: ConvGtD=64
ConvGtD bootstrapping breakdown per packed output: ring-pack refresh=1, public A*p* digit offset=0, REDC=7
Packed CPL25 slice_length=64, batch_stride=512, tuple_outputs=8
Exact lhs canonical CPL25 digits after A*p*-offset modular reduction: 4096/4096
Max conversion integer error=0
Nonzero rounded conversion digits outside active CPL25 support: 0
Max canonical digit noise in Log 2: -10.488931816751329
Mean canonical digit noise in Log 2: -12.907397935732792
Total measured conversion time 12m39.791971333s
Average conversion time 12m39.791971333s
