Experiment execution: GOMAXPROCS=1 (single-threaded Go computation)
Bootstrapping parameters: logN=16, logSlots=15, H(192; 32), sigma={3.200000 19.200000}, logQP=1469.999998, levels=25, scale=2^50

Generating bootstrapping evaluation keys...
Done
Running ConvBtD + comparison + sign evaluation for p=65537, beta=16
Timing starts from coefficient-encoded level-0 input; ConvBtD includes the initial ModUp, placement, and public pK offset.
Selected operation: bfv-compare
Input coverage: 21 boundary values plus random residues; equality and adjacent-value comparisons included.
End-to-end BFV comparison time: 9m15.170441041s
BFV comparison timing breakdown: lhs ConvBtD=3m50.283845125s, rhs ConvBtD=3m50.630394791s, Kim25 compare=1m33.7716405s, ConvDtB=484.558959ms
Return-path bootstrappings: ConvDtB=0 (polynomial cleaning, StC, public scale alignment)
Bootstrapping breakdown: lhs ConvBtD=32, rhs ConvBtD=32, Kim25 compare=13, total=77
Final BFV comparison coefficients: 32768/32768; nonzero inactive coefficients=0
Final BFV comparison decoded noise: max Log2=-29.60763855184598, mean Log2=-32.02477003982776
Exact lhs output matches: 32768/32768, max |out-want|=0
Exact rhs output matches: 32768/32768, max |out-want|=0
Exact comparison matches: 32768/32768, max |compare-want|=0
Max integer error in Log 2: -Inf
Max digit noise in Log 2: -23.109471790542422
Mean digit noise in Log 2: -28.017604252940803
-----------------------------------

Total Max Integer Error in Log 2 -Inf
Average output mismatch rate 0
Average comparison mismatch rate 0
Total measured BFV comparison time 9m15.170441041s
Average BFV comparison time 9m15.170441041s
