Experiment execution: GOMAXPROCS=1 (single-threaded Go computation)
Security check: main homomorphic parameters use logN=16 and logQP=1548.00 <= 1550.
Security check: ring packing uses logN=12 with key logQP=88.00 <= 108.
Bootstrapping parameters: logN=16, logSlots=15, H(192; 32), sigma={3.200000 19.200000}, logQP=1547.999997, levels=32, scale=2^40
Ring packing parameters: ring-switching enabled, maxLogN=16, minLogN=12, keyLevelQ=0, keyLevelP=0, activeKeyLogQ=44.00, keyLogQP=88.00

Generating bootstrapping evaluation keys...
Done
Running GBFV-to-CPL25 ConvGtD with beta=16, D=N/k=64, k=1024, q_GBFV=beta^D+1=115792089237316195423570985008687907853269984665640564039457584007913129639937, q0=17592186175489, density=1/1
CPL25 container digits=128 (64 source digits + 64 zero headroom), outputs=8/8, batch/output=128
GBFV input is q0-scaled coefficient plaintext at level 0, ModRaised to level 1, multiplied by t(X), scale-adjusted, packed with mode=ring, offset by A*p* with A=19, and reduced modulo p
Selected operation: gbfv-compare
Return ring packing parameters: minLogN=13, keyLevelQ=1, keyLevelP=0, keyLogQP=128.00
lhs ConvGtD timing breakdown: ModRaise/t/scale=45.924167ms, ring-pack/extract=29.711632833s, refresh=1m11.683507542s, public offset=356.735416ms, REDC=13m8.351220334s, measured total=14m50.149032042s
rhs ConvGtD timing breakdown: ModRaise/t/scale=46.2035ms, ring-pack/extract=29.676666417s, refresh=1m11.533262127s, public offset=309.540833ms, REDC=13m7.049959291s, measured total=14m48.61564325s
End-to-end GBFV comparison time: 33m46.777801458s (lhs ConvGtD=14m50.149032042s, rhs ConvGtD=14m48.61564325s, CPL25 compare=1m54.622538208s, ConvDtG=2m13.390587958s)
Number of bootstrappings per packed output: lhs ConvGtD=8, rhs ConvGtD=8, CPL25 compare=1, ConvDtG=1, total=18
Total sequential evaluator calls: lhs ConvGtD=64, rhs ConvGtD=64, CPL25 compare=8, ConvDtG=8, total=144
ConvGtD bootstrapping breakdown per packed output: ring-pack refresh=1, public A*p* digit offset=0, REDC=7
Packed CPL25 slice_length=256, batch_stride=128, tuple_outputs=8
Exact lhs canonical CPL25 digits after A*p*-offset modular reduction: 1024/1024
Exact rhs canonical CPL25 digits after A*p*-offset modular reduction: 1024/1024
Exact packed GBFV comparison bits lhs>=rhs: 1024/1024, max comparison error=0
Max conversion integer error=0
Nonzero rounded conversion digits outside active CPL25 support: 0
Max canonical digit noise in Log 2: -6.321372122400799
Mean canonical digit noise in Log 2: -10.868219066365926
Max comparison-bit noise in Log 2: -6.998452723785601
Mean comparison-bit noise in Log 2: -10.479619617160587
Final GBFV comparison coefficients: 1024/1024; nonzero inactive messages=0
Final GBFV decoded digit noise: max Log2=-12.576587034353324, mean Log2=-23.71874436654541
Total measured GBFV comparison time 33m46.777801458s
Average GBFV comparison time 33m46.777801458s
